--------------------------------------------------------------------------------
Release 14.1 Trace  (nt64)
Copyright (c) 1995-2012 Xilinx, Inc.  All rights reserved.

C:\Xilinx\14.1\ISE_DS\ISE\bin\nt64\unwrapped\trce.exe -intstyle ise -v 3 -s 2
-n 3 -fastpaths -xml Papilio_DUO_LX9.twx Papilio_DUO_LX9.ncd -o
Papilio_DUO_LX9.twr Papilio_DUO_LX9.pcf

Design file:              Papilio_DUO_LX9.ncd
Physical constraint file: Papilio_DUO_LX9.pcf
Device,package,speed:     xc6slx9,tqg144,C,-2 (PRODUCTION 1.21 2012-04-23)
Report level:             verbose report

Environment Variable      Effect 
--------------------      ------ 
NONE                      No environment variables were set
--------------------------------------------------------------------------------

INFO:Timing:2698 - No timing constraints found, doing default enumeration.
INFO:Timing:3412 - To improve timing, see the Timing Closure User Guide (UG612).
INFO:Timing:2752 - To get complete path coverage, use the unconstrained paths 
   option. All paths that are not constrained will be reported in the 
   unconstrained paths section(s) of the report.
INFO:Timing:3339 - The clock-to-out numbers in this timing report are based on 
   a 50 Ohm transmission line loading model.  For the details of this model, 
   and for more information on accounting for different loading conditions, 
   please see the device datasheet.



Data Sheet report:
-----------------
All values displayed in nanoseconds (ns)

Setup/Hold to clock ext_pins_in<0>
-----------------+------------+------------+------------+------------+---------------------+--------+
                 |Max Setup to|  Process   |Max Hold to |  Process   |                     | Clock  |
Source           | clk (edge) |   Corner   | clk (edge) |   Corner   |Internal Clock(s)    | Phase  |
-----------------+------------+------------+------------+------------+---------------------+--------+
Arduino_0        |    1.853(R)|      SLOW  |   -0.735(R)|      FAST  |XLXI_77/sram_wb_clk_i|   0.000|
Arduino_1        |    2.114(R)|      SLOW  |   -0.838(R)|      FAST  |XLXI_77/sram_wb_clk_i|   0.000|
Arduino_2        |    2.255(R)|      SLOW  |   -1.003(R)|      FAST  |XLXI_77/sram_wb_clk_i|   0.000|
Arduino_3        |    2.162(R)|      SLOW  |   -0.918(R)|      FAST  |XLXI_77/sram_wb_clk_i|   0.000|
Arduino_4        |    2.489(R)|      SLOW  |   -1.075(R)|      FAST  |XLXI_77/sram_wb_clk_i|   0.000|
Arduino_5        |    2.675(R)|      SLOW  |   -1.197(R)|      FAST  |XLXI_77/sram_wb_clk_i|   0.000|
Arduino_6        |    2.379(R)|      SLOW  |   -1.039(R)|      FAST  |XLXI_77/sram_wb_clk_i|   0.000|
Arduino_7        |    2.822(R)|      SLOW  |   -1.281(R)|      FAST  |XLXI_77/sram_wb_clk_i|   0.000|
Arduino_8        |    2.641(R)|      SLOW  |   -1.201(R)|      FAST  |XLXI_77/sram_wb_clk_i|   0.000|
Arduino_9        |    2.676(R)|      SLOW  |   -1.209(R)|      FAST  |XLXI_77/sram_wb_clk_i|   0.000|
Arduino_10       |    2.653(R)|      SLOW  |   -1.254(R)|      FAST  |XLXI_77/sram_wb_clk_i|   0.000|
Arduino_11       |    2.826(R)|      SLOW  |   -1.334(R)|      FAST  |XLXI_77/sram_wb_clk_i|   0.000|
Arduino_12       |    2.574(R)|      SLOW  |   -1.227(R)|      FAST  |XLXI_77/sram_wb_clk_i|   0.000|
Arduino_13       |    2.757(R)|      SLOW  |   -1.369(R)|      FAST  |XLXI_77/sram_wb_clk_i|   0.000|
Arduino_14       |    2.934(R)|      SLOW  |   -1.366(R)|      FAST  |XLXI_77/sram_wb_clk_i|   0.000|
Arduino_15       |    2.899(R)|      SLOW  |   -1.363(R)|      FAST  |XLXI_77/sram_wb_clk_i|   0.000|
Arduino_16       |    2.864(R)|      SLOW  |   -1.296(R)|      FAST  |XLXI_77/sram_wb_clk_i|   0.000|
Arduino_17       |    2.707(R)|      SLOW  |   -1.215(R)|      FAST  |XLXI_77/sram_wb_clk_i|   0.000|
Arduino_18       |    2.767(R)|      SLOW  |   -1.175(R)|      FAST  |XLXI_77/sram_wb_clk_i|   0.000|
Arduino_19       |    2.460(R)|      SLOW  |   -1.001(R)|      FAST  |XLXI_77/sram_wb_clk_i|   0.000|
Arduino_20       |    2.580(R)|      SLOW  |   -1.077(R)|      FAST  |XLXI_77/sram_wb_clk_i|   0.000|
Arduino_21       |    2.681(R)|      SLOW  |   -1.113(R)|      FAST  |XLXI_77/sram_wb_clk_i|   0.000|
Arduino_22       |    2.135(R)|      SLOW  |   -0.881(R)|      FAST  |XLXI_77/sram_wb_clk_i|   0.000|
Arduino_23       |    2.485(R)|      SLOW  |   -1.015(R)|      FAST  |XLXI_77/sram_wb_clk_i|   0.000|
Arduino_24       |    2.593(R)|      SLOW  |   -1.143(R)|      FAST  |XLXI_77/sram_wb_clk_i|   0.000|
Arduino_25       |    2.092(R)|      SLOW  |   -0.826(R)|      FAST  |XLXI_77/sram_wb_clk_i|   0.000|
Arduino_26       |    2.124(R)|      SLOW  |   -0.852(R)|      FAST  |XLXI_77/sram_wb_clk_i|   0.000|
Arduino_27       |    2.294(R)|      SLOW  |   -0.967(R)|      FAST  |XLXI_77/sram_wb_clk_i|   0.000|
Arduino_28       |    2.739(R)|      SLOW  |   -1.196(R)|      FAST  |XLXI_77/sram_wb_clk_i|   0.000|
Arduino_29       |    2.323(R)|      SLOW  |   -1.020(R)|      FAST  |XLXI_77/sram_wb_clk_i|   0.000|
Arduino_30       |    2.800(R)|      SLOW  |   -1.225(R)|      FAST  |XLXI_77/sram_wb_clk_i|   0.000|
Arduino_31       |    2.665(R)|      SLOW  |   -1.237(R)|      FAST  |XLXI_77/sram_wb_clk_i|   0.000|
Arduino_32       |    2.528(R)|      SLOW  |   -1.034(R)|      FAST  |XLXI_77/sram_wb_clk_i|   0.000|
Arduino_33       |    2.325(R)|      SLOW  |   -0.983(R)|      FAST  |XLXI_77/sram_wb_clk_i|   0.000|
Arduino_34       |    2.983(R)|      SLOW  |   -1.315(R)|      FAST  |XLXI_77/sram_wb_clk_i|   0.000|
Arduino_35       |    2.016(R)|      SLOW  |   -0.885(R)|      FAST  |XLXI_77/sram_wb_clk_i|   0.000|
Arduino_36       |    2.548(R)|      SLOW  |   -1.079(R)|      FAST  |XLXI_77/sram_wb_clk_i|   0.000|
Arduino_37       |    2.526(R)|      SLOW  |   -1.155(R)|      FAST  |XLXI_77/sram_wb_clk_i|   0.000|
Arduino_39       |    3.715(R)|      SLOW  |   -1.924(R)|      FAST  |XLXI_77/sram_wb_clk_i|   0.000|
Arduino_41       |    2.728(R)|      SLOW  |   -1.280(R)|      FAST  |XLXI_77/sram_wb_clk_i|   0.000|
Arduino_42       |    2.406(R)|      SLOW  |   -1.100(R)|      FAST  |XLXI_77/sram_wb_clk_i|   0.000|
Arduino_43       |    2.934(R)|      SLOW  |   -1.396(R)|      FAST  |XLXI_77/sram_wb_clk_i|   0.000|
Arduino_44       |    2.360(R)|      SLOW  |   -1.032(R)|      FAST  |XLXI_77/sram_wb_clk_i|   0.000|
Arduino_45       |    2.128(R)|      SLOW  |   -0.883(R)|      FAST  |XLXI_77/sram_wb_clk_i|   0.000|
Arduino_46       |    2.235(R)|      SLOW  |   -0.936(R)|      FAST  |XLXI_77/sram_wb_clk_i|   0.000|
Arduino_47       |    2.818(R)|      SLOW  |   -1.240(R)|      FAST  |XLXI_77/sram_wb_clk_i|   0.000|
Arduino_48       |    2.263(R)|      SLOW  |   -0.958(R)|      FAST  |XLXI_77/sram_wb_clk_i|   0.000|
Arduino_49       |    2.412(R)|      SLOW  |   -1.018(R)|      FAST  |XLXI_77/sram_wb_clk_i|   0.000|
Arduino_50       |    2.349(R)|      SLOW  |   -1.016(R)|      FAST  |XLXI_77/sram_wb_clk_i|   0.000|
Arduino_51       |    2.961(R)|      SLOW  |   -1.372(R)|      FAST  |XLXI_77/sram_wb_clk_i|   0.000|
Arduino_52       |    2.326(R)|      SLOW  |   -1.008(R)|      FAST  |XLXI_77/sram_wb_clk_i|   0.000|
Arduino_53       |    2.679(R)|      SLOW  |   -1.251(R)|      FAST  |XLXI_77/sram_wb_clk_i|   0.000|
ext_pins_in<1>   |    3.460(R)|      SLOW  |   -1.646(R)|      FAST  |XLXI_77/sram_wb_clk_i|   0.000|
ext_pins_in<2>   |    3.877(R)|      SLOW  |   -1.855(R)|      FAST  |XLXI_77/sram_wb_clk_i|   0.000|
ext_pins_inout<0>|    2.458(F)|      SLOW  |   -1.118(F)|      FAST  |XLXI_77/sram_wb_clk_i|   0.000|
ext_pins_inout<1>|    2.584(F)|      SLOW  |   -1.119(F)|      FAST  |XLXI_77/sram_wb_clk_i|   0.000|
ext_pins_inout<2>|    2.409(F)|      SLOW  |   -1.083(F)|      FAST  |XLXI_77/sram_wb_clk_i|   0.000|
ext_pins_inout<3>|    2.586(F)|      SLOW  |   -1.093(F)|      FAST  |XLXI_77/sram_wb_clk_i|   0.000|
ext_pins_inout<4>|    3.025(F)|      SLOW  |   -1.457(F)|      FAST  |XLXI_77/sram_wb_clk_i|   0.000|
ext_pins_inout<5>|    3.414(F)|      SLOW  |   -1.635(F)|      FAST  |XLXI_77/sram_wb_clk_i|   0.000|
ext_pins_inout<6>|    3.049(F)|      SLOW  |   -1.503(F)|      FAST  |XLXI_77/sram_wb_clk_i|   0.000|
ext_pins_inout<7>|    3.165(F)|      SLOW  |   -1.472(F)|      FAST  |XLXI_77/sram_wb_clk_i|   0.000|
-----------------+------------+------------+------------+------------+---------------------+--------+

Clock ext_pins_in<0> to Pad
-----------------+-----------------+------------+-----------------+------------+----------------------+--------+
                 |Max (slowest) clk|  Process   |Min (fastest) clk|  Process   |                      | Clock  |
Destination      |  (edge) to PAD  |   Corner   |  (edge) to PAD  |   Corner   |Internal Clock(s)     | Phase  |
-----------------+-----------------+------------+-----------------+------------+----------------------+--------+
Arduino_0        |         9.350(R)|      SLOW  |         3.626(R)|      FAST  |XLXI_77/sram_wb_clk_i |   0.000|
Arduino_1        |         9.187(R)|      SLOW  |         3.724(R)|      FAST  |XLXI_77/sram_wb_clk_i |   0.000|
Arduino_2        |         8.816(R)|      SLOW  |         3.674(R)|      FAST  |XLXI_77/sram_wb_clk_i |   0.000|
Arduino_3        |         9.284(R)|      SLOW  |         3.596(R)|      FAST  |XLXI_77/sram_wb_clk_i |   0.000|
Arduino_4        |         8.452(R)|      SLOW  |         3.882(R)|      FAST  |XLXI_77/sram_wb_clk_i |   0.000|
Arduino_5        |         8.708(R)|      SLOW  |         3.760(R)|      FAST  |XLXI_77/sram_wb_clk_i |   0.000|
Arduino_6        |         8.486(R)|      SLOW  |         3.810(R)|      FAST  |XLXI_77/sram_wb_clk_i |   0.000|
Arduino_7        |         8.454(R)|      SLOW  |         3.901(R)|      FAST  |XLXI_77/sram_wb_clk_i |   0.000|
Arduino_8        |         8.999(R)|      SLOW  |         4.059(R)|      FAST  |XLXI_77/sram_wb_clk_i |   0.000|
Arduino_9        |         8.950(R)|      SLOW  |         4.039(R)|      FAST  |XLXI_77/sram_wb_clk_i |   0.000|
Arduino_10       |         8.949(R)|      SLOW  |         4.356(R)|      FAST  |XLXI_77/sram_wb_clk_i |   0.000|
Arduino_11       |         9.497(R)|      SLOW  |         4.714(R)|      FAST  |XLXI_77/sram_wb_clk_i |   0.000|
Arduino_12       |         9.035(R)|      SLOW  |         4.384(R)|      FAST  |XLXI_77/sram_wb_clk_i |   0.000|
Arduino_13       |         9.103(R)|      SLOW  |         4.382(R)|      FAST  |XLXI_77/sram_wb_clk_i |   0.000|
Arduino_14       |         9.026(R)|      SLOW  |         4.348(R)|      FAST  |XLXI_77/sram_wb_clk_i |   0.000|
Arduino_15       |         9.004(R)|      SLOW  |         4.326(R)|      FAST  |XLXI_77/sram_wb_clk_i |   0.000|
Arduino_16       |         9.186(R)|      SLOW  |         4.041(R)|      FAST  |XLXI_77/sram_wb_clk_i |   0.000|
Arduino_17       |         9.176(R)|      SLOW  |         4.041(R)|      FAST  |XLXI_77/sram_wb_clk_i |   0.000|
Arduino_18       |         8.812(R)|      SLOW  |         4.018(R)|      FAST  |XLXI_77/sram_wb_clk_i |   0.000|
Arduino_19       |         8.363(R)|      SLOW  |         3.854(R)|      FAST  |XLXI_77/sram_wb_clk_i |   0.000|
Arduino_20       |         8.433(R)|      SLOW  |         3.790(R)|      FAST  |XLXI_77/sram_wb_clk_i |   0.000|
Arduino_21       |         8.503(R)|      SLOW  |         3.779(R)|      FAST  |XLXI_77/sram_wb_clk_i |   0.000|
Arduino_22       |         8.197(R)|      SLOW  |         3.790(R)|      FAST  |XLXI_77/sram_wb_clk_i |   0.000|
Arduino_23       |         8.310(R)|      SLOW  |         3.851(R)|      FAST  |XLXI_77/sram_wb_clk_i |   0.000|
Arduino_24       |         9.029(R)|      SLOW  |         3.942(R)|      FAST  |XLXI_77/sram_wb_clk_i |   0.000|
Arduino_25       |         7.823(R)|      SLOW  |         3.434(R)|      FAST  |XLXI_77/sram_wb_clk_i |   0.000|
Arduino_26       |         7.678(R)|      SLOW  |         3.492(R)|      FAST  |XLXI_77/sram_wb_clk_i |   0.000|
Arduino_27       |         7.643(R)|      SLOW  |         3.492(R)|      FAST  |XLXI_77/sram_wb_clk_i |   0.000|
Arduino_28       |         7.929(R)|      SLOW  |         3.435(R)|      FAST  |XLXI_77/sram_wb_clk_i |   0.000|
Arduino_29       |         7.850(R)|      SLOW  |         3.438(R)|      FAST  |XLXI_77/sram_wb_clk_i |   0.000|
Arduino_30       |         7.872(R)|      SLOW  |         3.532(R)|      FAST  |XLXI_77/sram_wb_clk_i |   0.000|
Arduino_31       |         7.819(R)|      SLOW  |         3.469(R)|      FAST  |XLXI_77/sram_wb_clk_i |   0.000|
Arduino_32       |         7.891(R)|      SLOW  |         3.583(R)|      FAST  |XLXI_77/sram_wb_clk_i |   0.000|
Arduino_33       |         7.682(R)|      SLOW  |         3.552(R)|      FAST  |XLXI_77/sram_wb_clk_i |   0.000|
Arduino_34       |         7.870(R)|      SLOW  |         3.421(R)|      FAST  |XLXI_77/sram_wb_clk_i |   0.000|
Arduino_35       |         7.707(R)|      SLOW  |         3.516(R)|      FAST  |XLXI_77/sram_wb_clk_i |   0.000|
Arduino_36       |         7.956(R)|      SLOW  |         3.558(R)|      FAST  |XLXI_77/sram_wb_clk_i |   0.000|
Arduino_37       |         8.161(R)|      SLOW  |         3.526(R)|      FAST  |XLXI_77/sram_wb_clk_i |   0.000|
Arduino_38       |         8.335(R)|      SLOW  |         3.953(R)|      FAST  |XLXI_77/sram_wb_clk_i |   0.000|
Arduino_39       |         9.238(R)|      SLOW  |         4.140(R)|      FAST  |XLXI_77/sram_wb_clk_i |   0.000|
Arduino_40       |         8.470(R)|      SLOW  |         4.068(R)|      FAST  |XLXI_77/sram_wb_clk_i |   0.000|
Arduino_41       |         8.903(R)|      SLOW  |         4.078(R)|      FAST  |XLXI_77/sram_wb_clk_i |   0.000|
Arduino_42       |         8.703(R)|      SLOW  |         4.107(R)|      FAST  |XLXI_77/sram_wb_clk_i |   0.000|
Arduino_43       |         8.959(R)|      SLOW  |         4.101(R)|      FAST  |XLXI_77/sram_wb_clk_i |   0.000|
Arduino_44       |         8.316(R)|      SLOW  |         3.740(R)|      FAST  |XLXI_77/sram_wb_clk_i |   0.000|
Arduino_45       |         8.521(R)|      SLOW  |         3.930(R)|      FAST  |XLXI_77/sram_wb_clk_i |   0.000|
Arduino_46       |         8.468(R)|      SLOW  |         3.702(R)|      FAST  |XLXI_77/sram_wb_clk_i |   0.000|
Arduino_47       |         8.319(R)|      SLOW  |         3.850(R)|      FAST  |XLXI_77/sram_wb_clk_i |   0.000|
Arduino_48       |         9.219(R)|      SLOW  |         4.122(R)|      FAST  |XLXI_77/sram_wb_clk_i |   0.000|
Arduino_49       |         9.951(R)|      SLOW  |         3.935(R)|      FAST  |XLXI_77/sram_wb_clk_i |   0.000|
Arduino_50       |         9.425(R)|      SLOW  |         4.293(R)|      FAST  |XLXI_77/sram_wb_clk_i |   0.000|
Arduino_51       |         9.014(R)|      SLOW  |         3.952(R)|      FAST  |XLXI_77/sram_wb_clk_i |   0.000|
Arduino_52       |         8.883(R)|      SLOW  |         4.126(R)|      FAST  |XLXI_77/sram_wb_clk_i |   0.000|
Arduino_53       |         9.092(R)|      SLOW  |         4.434(R)|      FAST  |XLXI_77/sram_wb_clk_i |   0.000|
ext_pins_inout<0>|         8.060(R)|      SLOW  |         2.150(R)|      FAST  |XLXI_77/sram_wb_clk_i |   0.000|
ext_pins_inout<1>|         8.060(R)|      SLOW  |         2.150(R)|      FAST  |XLXI_77/sram_wb_clk_i |   0.000|
ext_pins_inout<2>|         8.261(R)|      SLOW  |         2.150(R)|      FAST  |XLXI_77/sram_wb_clk_i |   0.000|
ext_pins_inout<3>|         8.261(R)|      SLOW  |         2.150(R)|      FAST  |XLXI_77/sram_wb_clk_i |   0.000|
ext_pins_inout<4>|         8.710(R)|      SLOW  |         2.150(R)|      FAST  |XLXI_77/sram_wb_clk_i |   0.000|
ext_pins_inout<5>|         8.710(R)|      SLOW  |         2.150(R)|      FAST  |XLXI_77/sram_wb_clk_i |   0.000|
ext_pins_inout<6>|         8.900(R)|      SLOW  |         2.150(R)|      FAST  |XLXI_77/sram_wb_clk_i |   0.000|
ext_pins_inout<7>|         8.900(R)|      SLOW  |         2.150(R)|      FAST  |XLXI_77/sram_wb_clk_i |   0.000|
ext_pins_out<0>  |         6.362(R)|      SLOW  |         2.519(R)|      FAST  |XLXI_77/sram_wb_clk_i |   0.000|
ext_pins_out<1>  |         6.362(R)|      SLOW  |         2.519(R)|      FAST  |XLXI_77/sram_wb_clk_i |   0.000|
ext_pins_out<2>  |         6.365(R)|      SLOW  |         2.522(R)|      FAST  |XLXI_77/sram_wb_clk_i |   0.000|
ext_pins_out<3>  |         6.365(R)|      SLOW  |         2.522(R)|      FAST  |XLXI_77/sram_wb_clk_i |   0.000|
ext_pins_out<4>  |         6.368(R)|      SLOW  |         2.525(R)|      FAST  |XLXI_77/sram_wb_clk_i |   0.000|
ext_pins_out<5>  |         6.360(R)|      SLOW  |         2.517(R)|      FAST  |XLXI_77/sram_wb_clk_i |   0.000|
ext_pins_out<6>  |         6.372(R)|      SLOW  |         2.529(R)|      FAST  |XLXI_77/sram_wb_clk_i |   0.000|
ext_pins_out<7>  |         6.372(R)|      SLOW  |         2.529(R)|      FAST  |XLXI_77/sram_wb_clk_i |   0.000|
ext_pins_out<8>  |         6.449(R)|      SLOW  |         2.606(R)|      FAST  |XLXI_77/sram_wb_clk_i |   0.000|
ext_pins_out<9>  |         6.500(R)|      SLOW  |         2.657(R)|      FAST  |XLXI_77/sram_wb_clk_i |   0.000|
ext_pins_out<10> |         6.449(R)|      SLOW  |         2.606(R)|      FAST  |XLXI_77/sram_wb_clk_i |   0.000|
ext_pins_out<11> |         6.449(R)|      SLOW  |         2.606(R)|      FAST  |XLXI_77/sram_wb_clk_i |   0.000|
ext_pins_out<12> |         6.449(R)|      SLOW  |         2.606(R)|      FAST  |XLXI_77/sram_wb_clk_i |   0.000|
ext_pins_out<13> |         6.371(R)|      SLOW  |         2.528(R)|      FAST  |XLXI_77/sram_wb_clk_i |   0.000|
ext_pins_out<14> |         6.371(R)|      SLOW  |         2.528(R)|      FAST  |XLXI_77/sram_wb_clk_i |   0.000|
ext_pins_out<15> |         6.305(R)|      SLOW  |         2.462(R)|      FAST  |XLXI_77/sram_wb_clk_i |   0.000|
ext_pins_out<16> |         6.310(R)|      SLOW  |         2.467(R)|      FAST  |XLXI_77/sram_wb_clk_i |   0.000|
ext_pins_out<17> |         6.370(R)|      SLOW  |         2.527(R)|      FAST  |XLXI_77/sram_wb_clk_i |   0.000|
ext_pins_out<18> |         6.370(R)|      SLOW  |         2.527(R)|      FAST  |XLXI_77/sram_wb_clk_i |   0.000|
ext_pins_out<19> |         6.290(R)|      SLOW  |         2.442(R)|      FAST  |XLXI_77/sram_wb_clk_i |   0.000|
ext_pins_out<20> |         6.360(R)|      SLOW  |         2.523(R)|      FAST  |XLXI_77/sram_wb_clk_i |   0.000|
                 |         6.297(R)|      SLOW  |         2.444(R)|      FAST  |XLXI_77/sysclk_sram_we|   0.000|
ext_pins_out<21> |         6.227(R)|      SLOW  |         2.379(R)|      FAST  |XLXI_77/sram_wb_clk_i |   0.000|
ext_pins_out<22> |         8.315(R)|      SLOW  |         3.876(R)|      FAST  |XLXI_77/sram_wb_clk_i |   0.000|
ext_pins_out<23> |         8.641(R)|      SLOW  |         4.028(R)|      FAST  |XLXI_77/sram_wb_clk_i |   0.000|
ext_pins_out<24> |         8.534(R)|      SLOW  |         4.071(R)|      FAST  |XLXI_77/sram_wb_clk_i |   0.000|
ext_pins_out<25> |         8.848(R)|      SLOW  |         4.306(R)|      FAST  |XLXI_77/sram_wb_clk_i |   0.000|
-----------------+-----------------+------------+-----------------+------------+----------------------+--------+

Clock to Setup on destination clock ext_pins_in<0>
---------------+---------+---------+---------+---------+
               | Src:Rise| Src:Fall| Src:Rise| Src:Fall|
Source Clock   |Dest:Rise|Dest:Rise|Dest:Fall|Dest:Fall|
---------------+---------+---------+---------+---------+
ext_pins_in<0> |    9.893|    2.035|         |    2.456|
---------------+---------+---------+---------+---------+

Pad to Pad
---------------+---------------+---------+
Source Pad     |Destination Pad|  Delay  |
---------------+---------------+---------+
DUO_SW1        |ARD_RESET      |   10.371|
---------------+---------------+---------+


Analysis completed Tue Dec 02 16:29:01 2014 
--------------------------------------------------------------------------------

Trace Settings:
-------------------------
Trace Settings 

Peak Memory Usage: 314 MB



